   Γû▓ Next.js 15.1.0
   - Environments: .env.local, .env

   Creating an optimized production build ...
 Γ£ô Compiled successfully
   Linting and checking validity of types ...

./app/[locale]/admin/coupons/coupon-management.tsx
63:6  Warning: React Hook useEffect has a missing dependency: 'loadCoupons'. Either include it or remove the dependency array.  react-hooks/exhaustive-deps

./app/[locale]/admin/inventory/page.tsx
38:6  Warning: React Hook useEffect has a missing dependency: 'fetchInventory'. Either include it or remove the dependency array.  react-hooks/exhaustive-deps

./app/[locale]/admin/notifications/page.tsx
43:6  Warning: React Hook useEffect has a missing dependency: 'loadUsers'. Either include it or remove the dependency array.  react-hooks/exhaustive-deps

./app/[locale]/admin/overview/overview-report.tsx
40:3  Warning: Unused eslint-disable directive (no problems were reported from '@typescript-eslint/no-explicit-any').

./app/[locale]/admin/overview/sales-area-chart.tsx
1:1  Warning: Unused eslint-disable directive (no problems were reported from '@typescript-eslint/no-explicit-any').

./app/[locale]/admin/overview/sales-category-pie-chart.tsx
1:1  Warning: Unused eslint-disable directive (no problems were reported from '@typescript-eslint/no-explicit-any').

./app/[locale]/admin/products/product-list.tsx
1:1  Warning: Unused eslint-disable directive (no problems were reported from '@typescript-eslint/no-explicit-any').

./app/[locale]/admin/users/[id]/user-edit-form.tsx
57:7  Warning: Unused eslint-disable directive (no problems were reported from '@typescript-eslint/no-explicit-any').

./app/[locale]/seller/products/seller-product-list.tsx
1:1  Warning: Unused eslint-disable directive (no problems were reported from '@typescript-eslint/no-explicit-any').

./components/shared/cart/cart-recommendations.tsx
27:9  Warning: The 'cartItems' array makes the dependencies of useEffect Hook (at line 57) change on every render. To fix this, wrap the initialization of 'cartItems' in its own useMemo() Hook.  react-hooks/exhaustive-deps
31:9  Warning: The 'fetchRecommendations' function makes the dependencies of useEffect Hook (at line 57) change on every render. To fix this, wrap the definition of 'fetchRecommendations' in its own useCallback() Hook.  react-hooks/exhaustive-deps

./components/shared/order/invoice-display.tsx
57:6  Warning: React Hook useEffect has a missing dependency: 'fetchInvoice'. Either include it or remove the dependency array.  react-hooks/exhaustive-deps
331:25  Warning: Using `<img>` could result in slower LCP and higher bandwidth. Consider using `<Image />` from `next/image` or a custom image loader to automatically optimize images. This may incur additional usage or cost from your provider. See: https://nextjs.org/docs/messages/no-img-element  @next/next/no-img-element

./components/shared/product/add-to-cart.tsx
1:1  Warning: Unused eslint-disable directive (no problems were reported from '@typescript-eslint/no-explicit-any').

./components/shared/product/add-to-wishlist.tsx
18:9  Warning: The 'checkWishlistStatus' function makes the dependencies of useEffect Hook (at line 32) change on every render. Move it inside the useEffect callback. Alternatively, wrap the definition of 'checkWishlistStatus' in its own useCallback() Hook.  react-hooks/exhaustive-deps

./components/shared/product/image-hover.tsx
1:1  Warning: Unused eslint-disable directive (no problems were reported from '@typescript-eslint/no-explicit-any').

./components/shared/search/voice-search.tsx
49:9  Warning: The 'handleVoiceSearch' function makes the dependencies of useEffect Hook (at line 112) change on every render. To fix this, wrap the definition of 'handleVoiceSearch' in its own useCallback() Hook.  react-hooks/exhaustive-deps

./lib/db/index.ts
3:1  Warning: Unused eslint-disable directive (no problems were reported from '@typescript-eslint/no-explicit-any').
26:3  Warning: Unused eslint-disable directive (no problems were reported from '@typescript-eslint/no-explicit-any').

./lib/db/seed.ts
1:1  Warning: Unused eslint-disable directive (no problems were reported from '@typescript-eslint/no-explicit-any').

./lib/paypal.ts
59:1  Warning: Unused eslint-disable directive (no problems were reported from '@typescript-eslint/no-explicit-any').

./lib/utils.ts
66:1  Warning: Unused eslint-disable directive (no problems were reported from '@typescript-eslint/no-explicit-any').

info  - Need to disable some ESLint rules? Learn more here: https://nextjs.org/docs/app/api-reference/config/eslint#disabling-rules
   Collecting page data ...
   Generating static pages (0/50) ...
   Generating static pages (12/50) 
   Generating static pages (24/50) 
   Generating static pages (37/50) 
 Γ£ô Generating static pages (50/50)
   Finalizing page optimization ...
   Collecting build traces ...

Route (app)                                         Size     First Load JS
Γöî Γùï /_not-found                                     990 B           107 kB
Γö£ ╞Æ /[locale]                                       5.99 kB         169 kB
Γö£ ╞Æ /[locale]/account                               4.69 kB         168 kB
Γö£ ╞Æ /[locale]/account/addresses                     3.19 kB         147 kB
Γö£ ╞Æ /[locale]/account/manage                        2.38 kB         121 kB
Γö£ ╞Æ /[locale]/account/manage/email                  3.02 kB         151 kB
Γö£ ╞Æ /[locale]/account/manage/name                   3.02 kB         151 kB
Γö£ ╞Æ /[locale]/account/manage/password               2.96 kB         151 kB
Γö£ ╞Æ /[locale]/account/orders                        5.05 kB         168 kB
Γö£ ╞Æ /[locale]/account/orders/[id]                   158 B           159 kB
Γö£ ╞Æ /[locale]/admin/chatbot-dashboard               8.44 kB         121 kB
Γö£ ╞Æ /[locale]/admin/chatbot-deployment              15.7 kB         156 kB
Γö£ ╞Æ /[locale]/admin/cod                             6.16 kB         119 kB
Γö£ ╞Æ /[locale]/admin/coupons                         4.44 kB         174 kB
Γö£ ╞Æ /[locale]/admin/coupons/[id]/edit               156 B           175 kB
Γö£ ╞Æ /[locale]/admin/coupons/create                  155 B           175 kB
Γö£ ╞Æ /[locale]/admin/dynamic-discount                7.1 kB          120 kB
Γö£ ╞Æ /[locale]/admin/fraud-detection                 180 B           110 kB
Γö£ ╞Æ /[locale]/admin/inventory                       6.21 kB         119 kB
Γö£ ╞Æ /[locale]/admin/notifications                   6.47 kB         147 kB
Γö£ ╞Æ /[locale]/admin/orders                          6.99 kB         136 kB
Γö£ ╞Æ /[locale]/admin/orders/[id]                     158 B           159 kB
Γö£ ╞Æ /[locale]/admin/overview                        136 kB          275 kB
Γö£ ╞Æ /[locale]/admin/predictions                     295 B           106 kB
Γö£ ╞Æ /[locale]/admin/products                        1.42 kB         136 kB
Γö£ ╞Æ /[locale]/admin/products/[id]                   156 B           159 kB
Γö£ ╞Æ /[locale]/admin/products/create                 155 B           159 kB
Γö£ ╞Æ /[locale]/admin/refunds                         6.04 kB         119 kB
Γö£ ╞Æ /[locale]/admin/seller-dashboard                4.49 kB         117 kB
Γö£ ╞Æ /[locale]/admin/settings                        29.5 kB         353 kB
Γö£ ╞Æ /[locale]/admin/users                           4.94 kB         134 kB
Γö£ ╞Æ /[locale]/admin/users/[id]                      2.99 kB         176 kB
Γö£ ╞Æ /[locale]/admin/web-pages                       4.09 kB         133 kB
Γö£ ╞Æ /[locale]/admin/web-pages/[id]                  2.18 kB         198 kB
Γö£ ╞Æ /[locale]/admin/web-pages/create                2.16 kB         195 kB
Γö£ ╞Æ /[locale]/cart                                  5.72 kB         318 kB
Γö£ ╞Æ /[locale]/cart/[itemId]                         5.34 kB         317 kB
Γö£ ╞Æ /[locale]/chatbot                               8.93 kB         125 kB
Γö£ ╞Æ /[locale]/checkout                              11.4 kB         342 kB
Γö£ ╞Æ /[locale]/checkout/[id]                         16.1 kB         282 kB
Γö£ ╞Æ /[locale]/checkout/[id]/stripe-payment-success  180 B           110 kB
Γö£ ╞Æ /[locale]/forgot-password                       2.9 kB          144 kB
Γö£ ╞Æ /[locale]/invoice/[id]                          2.87 kB         119 kB
Γö£ ╞Æ /[locale]/page/[slug]                           295 B           106 kB
Γö£ ╞Æ /[locale]/product/[slug]                        13.5 kB         211 kB
Γö£ ╞Æ /[locale]/reset-password                        3.24 kB         145 kB
Γö£ ╞Æ /[locale]/search                                8.77 kB         162 kB
Γö£ ╞Æ /[locale]/seller                                295 B           106 kB
Γö£ ╞Æ /[locale]/seller/products                       1.61 kB         136 kB
Γö£ ╞Æ /[locale]/seller/products/[id]                  156 B           159 kB
Γö£ ╞Æ /[locale]/seller/products/create                156 B           159 kB
Γö£ ╞Æ /[locale]/sign-in                               3.27 kB         298 kB
Γö£ ╞Æ /[locale]/sign-up                               7.15 kB         302 kB
Γö£ ╞Æ /[locale]/track-order/[id]                      2.03 kB         118 kB
Γö£ ╞Æ /[locale]/wishlist                              7.58 kB         129 kB
Γö£ ╞Æ /api/addresses                                  295 B           106 kB
Γö£ ╞Æ /api/addresses/[id]                             295 B           106 kB
Γö£ ╞Æ /api/addresses/add                              295 B           106 kB
Γö£ ╞Æ /api/ai/cart-recommendations                    295 B           106 kB
Γö£ ╞Æ /api/ai/chatbot                                 295 B           106 kB
Γö£ ╞Æ /api/ai/demand-prediction                       295 B           106 kB
Γö£ ╞Æ /api/ai/dynamic-discount                        295 B           106 kB
Γö£ ╞Æ /api/ai/fake-review-detection                   295 B           106 kB
Γö£ ╞Æ /api/ai/fraud-detection                         295 B           106 kB
Γö£ ╞Æ /api/ai/personalized-homepage                   295 B           106 kB
Γö£ ╞Æ /api/ai/smart-search                            295 B           106 kB
Γö£ ╞Æ /api/auth/[...nextauth]                         295 B           106 kB
Γö£ ╞Æ /api/auth/forgot-password                       295 B           106 kB
Γö£ ╞Æ /api/auth/reset-password                        295 B           106 kB
Γö£ ╞Æ /api/cache/invalidate                           295 B           106 kB
Γö£ ╞Æ /api/chat                                       295 B           106 kB
Γö£ ╞Æ /api/chatbot                                    295 B           106 kB
Γö£ ╞Æ /api/chatbot/advanced-features                  295 B           106 kB
Γö£ ╞Æ /api/chatbot/auto-fix                           295 B           106 kB
Γö£ ╞Æ /api/chatbot/config                             295 B           106 kB
Γö£ ╞Æ /api/chatbot/connection-fix                     295 B           106 kB
Γö£ ╞Æ /api/chatbot/deployment                         295 B           106 kB
Γö£ ╞Æ /api/chatbot/extended-functions                 295 B           106 kB
Γö£ ╞Æ /api/chatbot/health                             295 B           106 kB
Γö£ ╞Æ /api/chatbot/health-check                       295 B           106 kB
Γö£ ╞Æ /api/chatbot/health-fix                         295 B           106 kB
Γö£ ╞Æ /api/chatbot/hydration-fix                      295 B           106 kB
Γö£ ╞Æ /api/chatbot/one-click-fix                      295 B           106 kB
Γö£ ╞Æ /api/chatbot/project-check                      295 B           106 kB
Γö£ ╞Æ /api/chatbot/services                           295 B           106 kB
Γö£ ╞Æ /api/cod/[id]                                   295 B           106 kB
Γö£ ╞Æ /api/cod/mark-paid                              295 B           106 kB
Γö£ ╞Æ /api/cod/orders                                 295 B           106 kB
Γö£ ╞Æ /api/coupons                                    295 B           106 kB
Γö£ ╞Æ /api/coupons/[id]                               295 B           106 kB
Γö£ ╞Æ /api/coupons/apply                              295 B           106 kB
Γö£ ╞Æ /api/coupons/validate                           295 B           106 kB
Γö£ ╞Æ /api/inventory                                  295 B           106 kB
Γö£ ╞Æ /api/invoices/[id]                              295 B           106 kB
Γö£ ╞Æ /api/notifications/send                         295 B           106 kB
Γö£ ╞Æ /api/orders/[id]/cancel                         295 B           106 kB
Γö£ ╞Æ /api/orders/[id]/invoice                        295 B           106 kB
Γö£ ╞Æ /api/orders/[id]/status                         295 B           106 kB
Γö£ ╞Æ /api/orders/[id]/tracking                       295 B           106 kB
Γö£ ╞Æ /api/products/browsing-history                  295 B           106 kB
Γö£ ╞Æ /api/products/suggestions                       295 B           106 kB
Γö£ ╞Æ /api/razorpay/create-order                      295 B           106 kB
Γö£ ╞Æ /api/razorpay/verify-payment                    295 B           106 kB
Γö£ ╞Æ /api/refunds                                    295 B           106 kB
Γö£ ╞Æ /api/refunds/[id]                               295 B           106 kB
Γö£ ╞Æ /api/refunds/request                            295 B           106 kB
Γö£ ╞Æ /api/upload                                     295 B           106 kB
Γö£ ╞Æ /api/uploadthing                                295 B           106 kB
Γö£ ╞Æ /api/webhooks/stripe                            295 B           106 kB
Γö£ ╞Æ /api/wishlist                                   295 B           106 kB
Γö£ ╞Æ /api/wishlist/add                               295 B           106 kB
Γö£ ╞Æ /api/wishlist/check/[productId]                 295 B           106 kB
Γöö ╞Æ /api/wishlist/remove                            295 B           106 kB
+ First Load JS shared by all                       106 kB
  Γö£ chunks/1517-ee85cd0d27508389.js                 50.6 kB
  Γö£ chunks/4bd1b696-71359d4b1c3f51aa.js             53 kB
  Γöö other shared chunks (total)                     2.12 kB


╞Æ Middleware                                        115 kB

Γùï  (Static)   prerendered as static content
╞Æ  (Dynamic)  server-rendered on demand

